⚠️ better-sqlite3 not available, using stdlib sqlite3
📊 Total narrators missing translations: 21,658
📊 Fetched 21658 narrators to process

[Workers: 1] Starting 2166 batches

[1/2166] ✓ wrote 8, skipped 2
[2/2166] ✓ wrote 9, skipped 1
[3/2166] ✓ wrote 10, skipped 0
[4/2166] ✓ wrote 9, skipped 1
[5/2166] ✓ wrote 10, skipped 0
[6/2166] ✓ wrote 10, skipped 0
[7/2166] ✓ wrote 10, skipped 0
[8/2166] ✓ wrote 10, skipped 0
[9/2166] ✓ wrote 10, skipped 0
[10/2166] ✓ wrote 10, skipped 0
[11/2166] ✓ wrote 10, skipped 0
[12/2166] ✓ wrote 10, skipped 0
[13/2166] ✓ wrote 9, skipped 1
[14/2166] ✓ wrote 10, skipped 0
[15/2166] ✓ wrote 10, skipped 0
[16/2166] ✓ wrote 10, skipped 0
[17/2166] ✓ wrote 10, skipped 0
[18/2166] ✓ wrote 10, skipped 0
[19/2166] ✓ wrote 10, skipped 0
[20/2166] ✓ wrote 10, skipped 0
[21/2166] ✓ wrote 10, skipped 0
[22/2166] ✓ wrote 10, skipped 0
[23/2166] ✓ wrote 10, skipped 0
[24/2166] ✓ wrote 10, skipped 0
[25/2166] ✓ wrote 10, skipped 0
[26/2166] ✓ wrote 10, skipped 0
[27/2166] ✓ wrote 10, skipped 0
[28/2166] ✓ wrote 10, skipped 0
[29/2166] ✓ wrote 10, skipped 0
[30/2166] ✓ wrote 10, skipped 0
[31/2166] ✓ wrote 10, skipped 0
[32/2166] ✓ wrote 10, skipped 0
[33/2166] ✓ wrote 10, skipped 0
[34/2166] ✓ wrote 10, skipped 0
[35/2166] ✓ wrote 10, skipped 0
[36/2166] ✓ wrote 10, skipped 0
[37/2166] ✓ wrote 10, skipped 0
[38/2166] ✓ wrote 10, skipped 0
[39/2166] ✓ wrote 10, skipped 0
[40/2166] ✓ wrote 10, skipped 0
[41/2166] ✓ wrote 10, skipped 0
[42/2166] ✓ wrote 10, skipped 0
[43/2166] ✓ wrote 10, skipped 0
[44/2166] ✓ wrote 10, skipped 0
[45/2166] ✓ wrote 9, skipped 1
[46/2166] ✓ wrote 10, skipped 0
[47/2166] ✓ wrote 10, skipped 0
[48/2166] ✓ wrote 10, skipped 0
[49/2166] ✓ wrote 10, skipped 0
[50/2166] ✓ wrote 10, skipped 0
[51/2166] ✓ wrote 10, skipped 0
[52/2166] ✓ wrote 10, skipped 0
[53/2166] ✓ wrote 10, skipped 0
[54/2166] ✓ wrote 10, skipped 0
[55/2166] ✓ wrote 10, skipped 0
[56/2166] ✓ wrote 10, skipped 0
[57/2166] ✓ wrote 10, skipped 0
[58/2166] ✓ wrote 10, skipped 0
[59/2166] ✓ wrote 10, skipped 0
[60/2166] ✓ wrote 10, skipped 0
[61/2166] ✓ wrote 10, skipped 0
[62/2166] ✓ wrote 10, skipped 0
[63/2166] ✓ wrote 10, skipped 0
[64/2166] ✓ wrote 10, skipped 0
[65/2166] ✓ wrote 10, skipped 0
[66/2166] ✓ wrote 10, skipped 0
[67/2166] ✓ wrote 10, skipped 0
[68/2166] ✓ wrote 10, skipped 0
[69/2166] ✓ wrote 10, skipped 0
[70/2166] ✓ wrote 10, skipped 0
[71/2166] ✓ wrote 10, skipped 0
[72/2166] ✓ wrote 10, skipped 0
[73/2166] ✓ wrote 10, skipped 0
[74/2166] ✓ wrote 10, skipped 0
[75/2166] ✓ wrote 10, skipped 0
[76/2166] ✓ wrote 10, skipped 0
[77/2166] ✓ wrote 10, skipped 0
[78/2166] ✓ wrote 10, skipped 0
[79/2166] ✓ wrote 10, skipped 0
[80/2166] ✓ wrote 10, skipped 0
[81/2166] ✓ wrote 10, skipped 0
[82/2166] ✓ wrote 10, skipped 0
[83/2166] ✓ wrote 10, skipped 0
[84/2166] ✓ wrote 10, skipped 0
[85/2166] ✓ wrote 10, skipped 0
[86/2166] ✓ wrote 10, skipped 0
[87/2166] ✓ wrote 10, skipped 0
[88/2166] ✓ wrote 10, skipped 0
[89/2166] ✓ wrote 10, skipped 0
[90/2166] ✓ wrote 10, skipped 0
[91/2166] ✓ wrote 10, skipped 0
[92/2166] ✓ wrote 9, skipped 1
[93/2166] ✓ wrote 10, skipped 0
[94/2166] ✓ wrote 10, skipped 0
[95/2166] ✓ wrote 10, skipped 0
[96/2166] ✓ wrote 9, skipped 1
[97/2166] ✓ wrote 10, skipped 0
[98/2166] ✓ wrote 10, skipped 0
[99/2166] ✓ wrote 10, skipped 0
[100/2166] ✓ wrote 10, skipped 0
[101/2166] ✓ wrote 10, skipped 0
[102/2166] ✓ wrote 9, skipped 1
[103/2166] ✓ wrote 10, skipped 0
[104/2166] ✓ wrote 10, skipped 0
[105/2166] ✓ wrote 10, skipped 0
[106/2166] ✓ wrote 10, skipped 0
[107/2166] ✓ wrote 10, skipped 0
[108/2166] ✓ wrote 10, skipped 0
[109/2166] ✓ wrote 10, skipped 0
[110/2166] ✓ wrote 10, skipped 0
[111/2166] ✓ wrote 10, skipped 0
[112/2166] ✓ wrote 10, skipped 0
[113/2166] ✓ wrote 10, skipped 0
[114/2166] ✓ wrote 10, skipped 0
[115/2166] ✓ wrote 10, skipped 0
[116/2166] ✓ wrote 10, skipped 0
[117/2166] ✓ wrote 9, skipped 1
[118/2166] ✓ wrote 10, skipped 0
[119/2166] ✓ wrote 10, skipped 0
[120/2166] ✓ wrote 10, skipped 0
[121/2166] ✓ wrote 10, skipped 0
[122/2166] ✓ wrote 10, skipped 0
[123/2166] ✓ wrote 10, skipped 0
[124/2166] ✓ wrote 10, skipped 0
[125/2166] ✓ wrote 10, skipped 0
[126/2166] ✓ wrote 10, skipped 0
[127/2166] ✓ wrote 10, skipped 0
[128/2166] ✓ wrote 10, skipped 0
[129/2166] ✓ wrote 10, skipped 0
[130/2166] ✓ wrote 10, skipped 0
[131/2166] ✓ wrote 10, skipped 0
[132/2166] ✓ wrote 10, skipped 0
[133/2166] ✓ wrote 10, skipped 0
[134/2166] ✓ wrote 10, skipped 0
[135/2166] ✓ wrote 10, skipped 0
[136/2166] ✓ wrote 10, skipped 0
[137/2166] ✓ wrote 10, skipped 0
[138/2166] ✓ wrote 10, skipped 0
[139/2166] ✓ wrote 10, skipped 0
[140/2166] ✓ wrote 10, skipped 0
[141/2166] ✓ wrote 10, skipped 0
[142/2166] ✓ wrote 10, skipped 0
[143/2166] ✓ wrote 10, skipped 0
[144/2166] ✓ wrote 10, skipped 0
[145/2166] ✓ wrote 10, skipped 0
[146/2166] ✓ wrote 10, skipped 0
[147/2166] ✓ wrote 10, skipped 0
[148/2166] ✓ wrote 10, skipped 0
[149/2166] ✓ wrote 10, skipped 0
[150/2166] ✓ wrote 10, skipped 0
[151/2166] ✓ wrote 10, skipped 0
[152/2166] ✓ wrote 10, skipped 0
[153/2166] ✓ wrote 10, skipped 0
[154/2166] ✓ wrote 10, skipped 0
[155/2166] ✓ wrote 10, skipped 0
[156/2166] ✓ wrote 10, skipped 0
[157/2166] ✓ wrote 10, skipped 0
[158/2166] ✓ wrote 10, skipped 0
[159/2166] ✓ wrote 10, skipped 0
[160/2166] ✓ wrote 10, skipped 0
[161/2166] ✓ wrote 10, skipped 0
[162/2166] ✓ wrote 10, skipped 0
[163/2166] ✓ wrote 10, skipped 0
[164/2166] ✓ wrote 10, skipped 0
[165/2166] ✓ wrote 10, skipped 0
[166/2166] ✓ wrote 10, skipped 0
[167/2166] ✓ wrote 10, skipped 0
[168/2166] ✓ wrote 10, skipped 0
[169/2166] ✓ wrote 9, skipped 1
[170/2166] ✓ wrote 10, skipped 0
[171/2166] ✓ wrote 10, skipped 0
[172/2166] ✓ wrote 10, skipped 0
[173/2166] ✓ wrote 10, skipped 0
[174/2166] ✓ wrote 10, skipped 0
[175/2166] ✓ wrote 10, skipped 0
[176/2166] ✓ wrote 10, skipped 0
[177/2166] ✓ wrote 10, skipped 0
[178/2166] ✓ wrote 10, skipped 0
[179/2166] ✓ wrote 10, skipped 0
[180/2166] ✓ wrote 10, skipped 0
[181/2166] ✓ wrote 10, skipped 0
[182/2166] ✓ wrote 10, skipped 0
[183/2166] ✓ wrote 10, skipped 0
[184/2166] ✓ wrote 10, skipped 0
[185/2166] ✓ wrote 10, skipped 0
[186/2166] ✓ wrote 10, skipped 0
[187/2166] ✓ wrote 10, skipped 0
[188/2166] ✓ wrote 10, skipped 0
[189/2166] ✓ wrote 10, skipped 0
[190/2166] ✓ wrote 10, skipped 0
[191/2166] ✓ wrote 10, skipped 0
[192/2166] ✓ wrote 10, skipped 0
[193/2166] ✓ wrote 10, skipped 0
[194/2166] ✓ wrote 10, skipped 0
[195/2166] ✓ wrote 10, skipped 0
[196/2166] ✓ wrote 10, skipped 0
[197/2166] ✓ wrote 10, skipped 0
[198/2166] ✓ wrote 10, skipped 0
[199/2166] ✓ wrote 10, skipped 0
[200/2166] ✓ wrote 10, skipped 0
[201/2166] ✓ wrote 10, skipped 0
[202/2166] ✓ wrote 10, skipped 0
[203/2166] ✓ wrote 10, skipped 0
[204/2166] ✓ wrote 10, skipped 0
[205/2166] ✓ wrote 10, skipped 0
[206/2166] ✓ wrote 10, skipped 0
[207/2166] ✓ wrote 10, skipped 0
[208/2166] ✓ wrote 10, skipped 0
[209/2166] ✓ wrote 10, skipped 0
[210/2166] ✓ wrote 10, skipped 0
[211/2166] ✓ wrote 10, skipped 0
[212/2166] ✓ wrote 10, skipped 0
[213/2166] ✓ wrote 10, skipped 0
[214/2166] ✓ wrote 10, skipped 0
[215/2166] ✓ wrote 10, skipped 0
[216/2166] ✓ wrote 10, skipped 0
[217/2166] ✓ wrote 10, skipped 0
[218/2166] ✓ wrote 10, skipped 0
[219/2166] ✓ wrote 10, skipped 0
[220/2166] ✓ wrote 10, skipped 0
[221/2166] ✓ wrote 10, skipped 0
[222/2166] ✓ wrote 10, skipped 0
[223/2166] ✓ wrote 10, skipped 0
[224/2166] ✓ wrote 10, skipped 0
[225/2166] ✓ wrote 10, skipped 0
[226/2166] ✓ wrote 10, skipped 0
[227/2166] ✓ wrote 10, skipped 0
[228/2166] ✓ wrote 9, skipped 1
[229/2166] ✓ wrote 10, skipped 0
[230/2166] ✓ wrote 10, skipped 0
[231/2166] ✓ wrote 10, skipped 0
[232/2166] ✓ wrote 10, skipped 0
[233/2166] ✓ wrote 10, skipped 0
[234/2166] ✓ wrote 10, skipped 0
[235/2166] ✓ wrote 10, skipped 0
[236/2166] ✓ wrote 10, skipped 0
[237/2166] ✓ wrote 10, skipped 0
[238/2166] ✓ wrote 10, skipped 0
[239/2166] ✓ wrote 10, skipped 0
[240/2166] ✓ wrote 10, skipped 0
[241/2166] ✓ wrote 10, skipped 0
[242/2166] ✓ wrote 10, skipped 0
[243/2166] ✓ wrote 10, skipped 0
[244/2166] ✓ wrote 10, skipped 0
[245/2166] ✓ wrote 10, skipped 0
[246/2166] ✓ wrote 10, skipped 0
[247/2166] ✓ wrote 10, skipped 0
[248/2166] ✓ wrote 10, skipped 0
[249/2166] ✓ wrote 10, skipped 0
[250/2166] ✓ wrote 9, skipped 1
[251/2166] ✓ wrote 9, skipped 1
[252/2166] ✓ wrote 10, skipped 0
[253/2166] ✓ wrote 10, skipped 0
[254/2166] ✓ wrote 9, skipped 1
[255/2166] ✓ wrote 10, skipped 0
[256/2166] ✓ wrote 10, skipped 0
[257/2166] ✓ wrote 10, skipped 0
[258/2166] ✓ wrote 9, skipped 1
[259/2166] ✓ wrote 10, skipped 0
[260/2166] ✓ wrote 10, skipped 0
[261/2166] ✓ wrote 10, skipped 0
[262/2166] ✓ wrote 10, skipped 0
[263/2166] ✓ wrote 10, skipped 0
[264/2166] ✓ wrote 10, skipped 0
[265/2166] ✓ wrote 10, skipped 0
[266/2166] ✓ wrote 10, skipped 0
[267/2166] ✓ wrote 10, skipped 0
[268/2166] ✓ wrote 10, skipped 0
[269/2166] ✓ wrote 10, skipped 0
[270/2166] ✓ wrote 10, skipped 0
[271/2166] ✓ wrote 10, skipped 0
[272/2166] ✓ wrote 10, skipped 0
[273/2166] ✓ wrote 10, skipped 0
[274/2166] ✓ wrote 10, skipped 0
[275/2166] ✓ wrote 10, skipped 0
[276/2166] ✓ wrote 10, skipped 0
[277/2166] ✓ wrote 10, skipped 0
[278/2166] ✓ wrote 10, skipped 0
[279/2166] ✓ wrote 10, skipped 0
[280/2166] ✓ wrote 10, skipped 0
[281/2166] ✓ wrote 10, skipped 0
[282/2166] ✓ wrote 10, skipped 0
[283/2166] ✓ wrote 9, skipped 1
[284/2166] ✓ wrote 10, skipped 0
[285/2166] ✓ wrote 10, skipped 0
[286/2166] ✓ wrote 10, skipped 0
[287/2166] ✓ wrote 10, skipped 0
[288/2166] ✓ wrote 10, skipped 0
[289/2166] ✓ wrote 10, skipped 0
[290/2166] ✓ wrote 10, skipped 0
[291/2166] ✓ wrote 10, skipped 0
[292/2166] ✓ wrote 10, skipped 0
[293/2166] ✓ wrote 10, skipped 0
[294/2166] ✓ wrote 10, skipped 0
[295/2166] ✓ wrote 9, skipped 1
[296/2166] ✓ wrote 10, skipped 0
[297/2166] ✓ wrote 10, skipped 0
[298/2166] ✓ wrote 10, skipped 0
[299/2166] ✓ wrote 10, skipped 0
[300/2166] ✓ wrote 10, skipped 0
[301/2166] ✓ wrote 10, skipped 0
[302/2166] ✓ wrote 10, skipped 0
[303/2166] ✓ wrote 10, skipped 0
[304/2166] ✓ wrote 10, skipped 0
[305/2166] ✓ wrote 10, skipped 0
[306/2166] ✓ wrote 10, skipped 0
[307/2166] ✓ wrote 10, skipped 0
[308/2166] ✓ wrote 10, skipped 0
[309/2166] ✓ wrote 10, skipped 0
[310/2166] ✓ wrote 10, skipped 0
[311/2166] ✓ wrote 10, skipped 0
[312/2166] ✓ wrote 10, skipped 0
[313/2166] ✓ wrote 10, skipped 0
[314/2166] ✓ wrote 10, skipped 0
[315/2166] ✓ wrote 10, skipped 0
[316/2166] ✓ wrote 10, skipped 0
[317/2166] ✓ wrote 10, skipped 0
[318/2166] ✓ wrote 10, skipped 0
[319/2166] ✓ wrote 10, skipped 0
[320/2166] ✓ wrote 10, skipped 0
[321/2166] ✓ wrote 10, skipped 0
[322/2166] ✓ wrote 10, skipped 0
[323/2166] ✓ wrote 10, skipped 0
[324/2166] ✓ wrote 10, skipped 0
[325/2166] ✓ wrote 10, skipped 0
[326/2166] ✓ wrote 10, skipped 0
[327/2166] ✓ wrote 10, skipped 0
[328/2166] ✓ wrote 10, skipped 0
[329/2166] ✓ wrote 10, skipped 0
[330/2166] ✓ wrote 10, skipped 0
[331/2166] ✓ wrote 10, skipped 0
[332/2166] ✓ wrote 10, skipped 0
[333/2166] ✓ wrote 10, skipped 0
[334/2166] ✓ wrote 10, skipped 0
[335/2166] ✓ wrote 10, skipped 0
[336/2166] ✓ wrote 10, skipped 0
[337/2166] ✓ wrote 10, skipped 0
[338/2166] ✓ wrote 10, skipped 0
[339/2166] ✓ wrote 10, skipped 0
[340/2166] ✓ wrote 10, skipped 0
[341/2166] ✓ wrote 10, skipped 0
[342/2166] ✓ wrote 10, skipped 0
[343/2166] ✓ wrote 10, skipped 0
[344/2166] ✓ wrote 10, skipped 0
[345/2166] ✓ wrote 10, skipped 0
[346/2166] ✓ wrote 10, skipped 0
[347/2166] ✓ wrote 10, skipped 0
[348/2166] ✓ wrote 10, skipped 0
[349/2166] ✓ wrote 10, skipped 0
[350/2166] ✓ wrote 10, skipped 0
[351/2166] ✓ wrote 10, skipped 0
[352/2166] ✓ wrote 10, skipped 0
[353/2166] ✓ wrote 10, skipped 0
[354/2166] ✓ wrote 10, skipped 0
[355/2166] ✓ wrote 9, skipped 1
[356/2166] ✓ wrote 10, skipped 0
[357/2166] ✓ wrote 10, skipped 0
[358/2166] ✓ wrote 10, skipped 0
[359/2166] ✓ wrote 10, skipped 0
[360/2166] ✓ wrote 9, skipped 1
[361/2166] ✓ wrote 10, skipped 0
[362/2166] ✓ wrote 10, skipped 0
[363/2166] ✓ wrote 10, skipped 0
[364/2166] ✓ wrote 10, skipped 0
[365/2166] ✓ wrote 10, skipped 0
[366/2166] ✓ wrote 10, skipped 0
[367/2166] ✓ wrote 10, skipped 0
[368/2166] ✓ wrote 10, skipped 0
[369/2166] ✓ wrote 10, skipped 0
[370/2166] ✓ wrote 10, skipped 0
[371/2166] ✓ wrote 10, skipped 0
[372/2166] ✓ wrote 10, skipped 0
[373/2166] ✓ wrote 10, skipped 0
[374/2166] ✓ wrote 10, skipped 0
[375/2166] ✓ wrote 10, skipped 0
[376/2166] ✓ wrote 10, skipped 0
[377/2166] ✓ wrote 10, skipped 0
[378/2166] ✓ wrote 10, skipped 0
[379/2166] ✓ wrote 10, skipped 0
[380/2166] ✓ wrote 10, skipped 0
[381/2166] ✓ wrote 10, skipped 0
[382/2166] ✓ wrote 10, skipped 0
[383/2166] ✓ wrote 10, skipped 0
[384/2166] ✓ wrote 10, skipped 0
[385/2166] ✓ wrote 10, skipped 0
[386/2166] ✓ wrote 10, skipped 0
[387/2166] ✓ wrote 10, skipped 0
[388/2166] ✓ wrote 10, skipped 0
[389/2166] ✓ wrote 10, skipped 0
[390/2166] ✓ wrote 10, skipped 0
[391/2166] ✓ wrote 10, skipped 0
[392/2166] ✓ wrote 10, skipped 0
[393/2166] ✓ wrote 10, skipped 0
[394/2166] ✓ wrote 10, skipped 0
[395/2166] ✓ wrote 10, skipped 0
[396/2166] ✓ wrote 10, skipped 0
[397/2166] ✓ wrote 10, skipped 0
[398/2166] ✓ wrote 10, skipped 0
[399/2166] ✓ wrote 10, skipped 0
[400/2166] ✓ wrote 10, skipped 0
[401/2166] ✓ wrote 9, skipped 1
[402/2166] ✓ wrote 9, skipped 1
[403/2166] ✓ wrote 10, skipped 0
[404/2166] ✓ wrote 10, skipped 0
[405/2166] ✓ wrote 10, skipped 0
[406/2166] ✓ wrote 10, skipped 0
[407/2166] ✓ wrote 10, skipped 0
[408/2166] ✓ wrote 10, skipped 0
[409/2166] ✓ wrote 10, skipped 0
[410/2166] ✓ wrote 10, skipped 0
[411/2166] ✓ wrote 10, skipped 0
[412/2166] ✓ wrote 10, skipped 0
[413/2166] ✓ wrote 10, skipped 0
[414/2166] ✓ wrote 10, skipped 0
[415/2166] ✓ wrote 10, skipped 0
[416/2166] ✓ wrote 10, skipped 0
[417/2166] ✓ wrote 10, skipped 0
[418/2166] ✓ wrote 10, skipped 0
[419/2166] ✓ wrote 10, skipped 0
[420/2166] ✓ wrote 10, skipped 0
[421/2166] ✓ wrote 10, skipped 0
[422/2166] ✓ wrote 10, skipped 0
[423/2166] ✓ wrote 10, skipped 0
[424/2166] ✓ wrote 10, skipped 0
[425/2166] ✓ wrote 10, skipped 0
[426/2166] ✓ wrote 10, skipped 0
[427/2166] ✓ wrote 10, skipped 0
[428/2166] ✓ wrote 10, skipped 0
[429/2166] ✓ wrote 10, skipped 0
[430/2166] ✓ wrote 10, skipped 0
[431/2166] ✓ wrote 9, skipped 1
[432/2166] ✓ wrote 10, skipped 0
[433/2166] ✓ wrote 10, skipped 0
[434/2166] ✓ wrote 10, skipped 0
[435/2166] ✓ wrote 10, skipped 0
[436/2166] ✓ wrote 10, skipped 0
[437/2166] ✓ wrote 10, skipped 0
[438/2166] ✓ wrote 10, skipped 0
[439/2166] ✓ wrote 10, skipped 0
[440/2166] ✓ wrote 9, skipped 1
[441/2166] ✓ wrote 10, skipped 0
[442/2166] ✓ wrote 10, skipped 0
[443/2166] ✓ wrote 10, skipped 0
[444/2166] ✓ wrote 10, skipped 0
[445/2166] ✓ wrote 9, skipped 1
[446/2166] ✓ wrote 10, skipped 0
[447/2166] ✓ wrote 10, skipped 0
[448/2166] ✓ wrote 10, skipped 0
[449/2166] ✓ wrote 10, skipped 0
[450/2166] ✓ wrote 10, skipped 0
[451/2166] ✓ wrote 10, skipped 0
[452/2166] ✓ wrote 9, skipped 1
[453/2166] ✓ wrote 10, skipped 0
[454/2166] ✓ wrote 10, skipped 0
[455/2166] ✓ wrote 10, skipped 0
[456/2166] ✓ wrote 10, skipped 0
[457/2166] ✓ wrote 10, skipped 0
[458/2166] ✓ wrote 10, skipped 0
[459/2166] ✓ wrote 10, skipped 0
[460/2166] ✓ wrote 9, skipped 1
[461/2166] ✓ wrote 10, skipped 0
[462/2166] ✓ wrote 10, skipped 0
[463/2166] ✓ wrote 10, skipped 0
[464/2166] ✓ wrote 10, skipped 0
[465/2166] ✓ wrote 10, skipped 0
[466/2166] ✓ wrote 10, skipped 0
[467/2166] ✓ wrote 9, skipped 1
[468/2166] ✓ wrote 9, skipped 1
[469/2166] ✓ wrote 9, skipped 1
[470/2166] ✓ wrote 10, skipped 0
[471/2166] ✓ wrote 10, skipped 0
[472/2166] ✓ wrote 10, skipped 0
[473/2166] ✓ wrote 10, skipped 0
[474/2166] ✓ wrote 10, skipped 0
[475/2166] ✓ wrote 10, skipped 0
[476/2166] ✓ wrote 10, skipped 0
[477/2166] ✓ wrote 10, skipped 0
[478/2166] ✓ wrote 10, skipped 0
[479/2166] ✓ wrote 10, skipped 0
[480/2166] ✓ wrote 10, skipped 0
[481/2166] ✓ wrote 10, skipped 0
[482/2166] ✓ wrote 10, skipped 0
[483/2166] ✓ wrote 10, skipped 0
[484/2166] ✓ wrote 10, skipped 0
[485/2166] ✓ wrote 10, skipped 0
[486/2166] ✓ wrote 10, skipped 0
[487/2166] ✓ wrote 10, skipped 0
[488/2166] ✓ wrote 10, skipped 0
[489/2166] ✓ wrote 10, skipped 0
[490/2166] ✓ wrote 10, skipped 0
[491/2166] ✓ wrote 10, skipped 0
[492/2166] ✓ wrote 10, skipped 0
[493/2166] ✓ wrote 10, skipped 0
[494/2166] ✓ wrote 10, skipped 0
[495/2166] ✓ wrote 10, skipped 0
[496/2166] ✓ wrote 10, skipped 0
[497/2166] ✓ wrote 10, skipped 0
[498/2166] ✓ wrote 10, skipped 0
[499/2166] ✓ wrote 10, skipped 0
[500/2166] ✓ wrote 10, skipped 0
[501/2166] ✓ wrote 9, skipped 1
[502/2166] ✓ wrote 10, skipped 0
[503/2166] ✓ wrote 10, skipped 0
[504/2166] ✓ wrote 10, skipped 0
[505/2166] ✓ wrote 10, skipped 0
[506/2166] ✓ wrote 10, skipped 0
[507/2166] ✓ wrote 10, skipped 0
[508/2166] ✓ wrote 10, skipped 0
[509/2166] ✓ wrote 10, skipped 0
[510/2166] ✓ wrote 10, skipped 0
[511/2166] ✓ wrote 10, skipped 0
[512/2166] ✓ wrote 10, skipped 0
[513/2166] ✓ wrote 10, skipped 0
[514/2166] ✓ wrote 10, skipped 0
[515/2166] ✓ wrote 10, skipped 0
[516/2166] ✓ wrote 10, skipped 0
[517/2166] ✓ wrote 9, skipped 1
[518/2166] ✓ wrote 10, skipped 0
[519/2166] ✓ wrote 10, skipped 0
[520/2166] ✓ wrote 10, skipped 0
[521/2166] ✓ wrote 10, skipped 0
[522/2166] ✓ wrote 10, skipped 0
[523/2166] ✓ wrote 10, skipped 0
[524/2166] ✓ wrote 10, skipped 0
[525/2166] ✓ wrote 10, skipped 0
[526/2166] ✓ wrote 10, skipped 0
[527/2166] ✓ wrote 10, skipped 0
[528/2166] ✓ wrote 10, skipped 0
[529/2166] ✓ wrote 10, skipped 0
[530/2166] ✓ wrote 9, skipped 1
[531/2166] ✓ wrote 9, skipped 1
[532/2166] ✓ wrote 10, skipped 0
[533/2166] ✓ wrote 10, skipped 0
[534/2166] ✓ wrote 10, skipped 0
[535/2166] ✓ wrote 10, skipped 0
[536/2166] ✓ wrote 10, skipped 0
[537/2166] ✓ wrote 10, skipped 0
[538/2166] ✓ wrote 10, skipped 0
[539/2166] ✓ wrote 10, skipped 0
[540/2166] ✓ wrote 10, skipped 0
[541/2166] ✓ wrote 10, skipped 0
[542/2166] ✓ wrote 10, skipped 0
[543/2166] ✓ wrote 10, skipped 0
[544/2166] ✓ wrote 10, skipped 0
[545/2166] ✓ wrote 10, skipped 0
[546/2166] ✓ wrote 10, skipped 0
[547/2166] ✓ wrote 10, skipped 0
[548/2166] ✓ wrote 10, skipped 0
[549/2166] ✓ wrote 10, skipped 0
[550/2166] ✓ wrote 10, skipped 0
[551/2166] ✓ wrote 10, skipped 0
[552/2166] ✓ wrote 10, skipped 0
[553/2166] ✓ wrote 10, skipped 0
[554/2166] ✓ wrote 10, skipped 0
[555/2166] ✓ wrote 10, skipped 0
[556/2166] ✓ wrote 10, skipped 0
[557/2166] ✓ wrote 10, skipped 0
[558/2166] ✓ wrote 10, skipped 0
[559/2166] ✓ wrote 10, skipped 0
[560/2166] ✓ wrote 10, skipped 0
[561/2166] ✓ wrote 10, skipped 0
[562/2166] ✓ wrote 10, skipped 0
[563/2166] ✓ wrote 10, skipped 0
[564/2166] ✓ wrote 10, skipped 0
[565/2166] ✓ wrote 10, skipped 0
[566/2166] ✓ wrote 10, skipped 0
[567/2166] ✓ wrote 10, skipped 0
[568/2166] ✓ wrote 10, skipped 0
[569/2166] ✓ wrote 9, skipped 1
[570/2166] ✓ wrote 10, skipped 0
[571/2166] ✓ wrote 10, skipped 0
[572/2166] ✓ wrote 10, skipped 0
[573/2166] ✓ wrote 10, skipped 0
[574/2166] ✓ wrote 10, skipped 0
[575/2166] ✓ wrote 10, skipped 0
[576/2166] ✓ wrote 10, skipped 0
[577/2166] ✓ wrote 10, skipped 0
[578/2166] ✓ wrote 10, skipped 0
[579/2166] ✓ wrote 10, skipped 0
[580/2166] ✓ wrote 10, skipped 0
[581/2166] ✓ wrote 10, skipped 0
[582/2166] ✓ wrote 10, skipped 0
[583/2166] ✓ wrote 10, skipped 0
[584/2166] ✓ wrote 10, skipped 0
[585/2166] ✓ wrote 10, skipped 0
[586/2166] ✓ wrote 10, skipped 0
[587/2166] ✓ wrote 10, skipped 0
[588/2166] ✓ wrote 10, skipped 0
[589/2166] ✓ wrote 10, skipped 0
[590/2166] ✓ wrote 10, skipped 0
[591/2166] ✓ wrote 9, skipped 1
[592/2166] ✓ wrote 10, skipped 0
[593/2166] ✓ wrote 10, skipped 0
[594/2166] ✓ wrote 10, skipped 0
[595/2166] ✓ wrote 10, skipped 0
[596/2166] ✓ wrote 10, skipped 0
[597/2166] ✓ wrote 9, skipped 1
[598/2166] ✓ wrote 10, skipped 0
[599/2166] ✓ wrote 10, skipped 0
[600/2166] ✓ wrote 10, skipped 0
[601/2166] ✓ wrote 10, skipped 0
[602/2166] ✓ wrote 10, skipped 0
[603/2166] ✓ wrote 10, skipped 0
[604/2166] ✓ wrote 10, skipped 0
[605/2166] ✓ wrote 10, skipped 0
[606/2166] ✓ wrote 10, skipped 0
[607/2166] ✓ wrote 10, skipped 0
[608/2166] ✓ wrote 10, skipped 0
[609/2166] ✓ wrote 10, skipped 0
[610/2166] ✓ wrote 10, skipped 0
[611/2166] ✓ wrote 9, skipped 1
[612/2166] ✓ wrote 10, skipped 0
[613/2166] ✓ wrote 10, skipped 0
[614/2166] ✓ wrote 10, skipped 0
[615/2166] ✓ wrote 10, skipped 0
[616/2166] ✓ wrote 9, skipped 1
[617/2166] ✓ wrote 10, skipped 0
[618/2166] ✓ wrote 10, skipped 0
[619/2166] ✓ wrote 10, skipped 0
[620/2166] ✓ wrote 10, skipped 0
[621/2166] ✓ wrote 10, skipped 0
[622/2166] ✓ wrote 10, skipped 0
[623/2166] ✓ wrote 10, skipped 0
[624/2166] ✓ wrote 10, skipped 0
[625/2166] ✓ wrote 10, skipped 0
[626/2166] ✓ wrote 10, skipped 0
[627/2166] ✓ wrote 10, skipped 0
[628/2166] ✓ wrote 10, skipped 0
[629/2166] ✓ wrote 10, skipped 0
[630/2166] ✓ wrote 10, skipped 0
[631/2166] ✓ wrote 10, skipped 0
[632/2166] ✓ wrote 10, skipped 0
[633/2166] ✓ wrote 10, skipped 0
[634/2166] ✓ wrote 10, skipped 0
[635/2166] ✓ wrote 10, skipped 0
[636/2166] ✓ wrote 10, skipped 0
[637/2166] ✓ wrote 10, skipped 0
[638/2166] ✓ wrote 10, skipped 0
[639/2166] ✓ wrote 10, skipped 0
[640/2166] ✓ wrote 10, skipped 0
[641/2166] ✓ wrote 10, skipped 0
[642/2166] ✓ wrote 10, skipped 0
[643/2166] ✓ wrote 10, skipped 0
[644/2166] ✓ wrote 10, skipped 0
[645/2166] ✓ wrote 10, skipped 0
[646/2166] ✓ wrote 10, skipped 0
[647/2166] ✓ wrote 10, skipped 0
[648/2166] ✓ wrote 10, skipped 0
[649/2166] ✓ wrote 10, skipped 0
[650/2166] ✓ wrote 10, skipped 0
[651/2166] ✓ wrote 10, skipped 0
[652/2166] ✓ wrote 9, skipped 1
[653/2166] ✓ wrote 10, skipped 0
[654/2166] ✓ wrote 10, skipped 0
[655/2166] ✓ wrote 10, skipped 0
[656/2166] ✓ wrote 10, skipped 0
[657/2166] ✓ wrote 10, skipped 0
[658/2166] ✓ wrote 10, skipped 0
[659/2166] ✓ wrote 9, skipped 1
[660/2166] ✓ wrote 10, skipped 0
[661/2166] ✓ wrote 10, skipped 0
[662/2166] ✓ wrote 10, skipped 0
[663/2166] ✓ wrote 10, skipped 0
[664/2166] ✓ wrote 10, skipped 0
[665/2166] ✓ wrote 10, skipped 0
[666/2166] ✓ wrote 10, skipped 0
[667/2166] ✓ wrote 10, skipped 0
[668/2166] ✓ wrote 10, skipped 0
[669/2166] ✓ wrote 10, skipped 0
[670/2166] ✓ wrote 10, skipped 0
[671/2166] ✓ wrote 10, skipped 0
[672/2166] ✓ wrote 10, skipped 0
[673/2166] ✓ wrote 10, skipped 0
[674/2166] ✓ wrote 10, skipped 0
[675/2166] ✓ wrote 10, skipped 0
[676/2166] ✓ wrote 10, skipped 0
[677/2166] ✓ wrote 10, skipped 0
[678/2166] ✓ wrote 10, skipped 0
[679/2166] ✓ wrote 10, skipped 0
[680/2166] ✓ wrote 10, skipped 0
[681/2166] ✓ wrote 10, skipped 0
[682/2166] ✓ wrote 10, skipped 0
[683/2166] ✓ wrote 10, skipped 0
[684/2166] ✓ wrote 10, skipped 0
[685/2166] ✓ wrote 10, skipped 0
[686/2166] ✓ wrote 10, skipped 0
[687/2166] ✓ wrote 10, skipped 0
[688/2166] ✓ wrote 10, skipped 0
[689/2166] ✓ wrote 10, skipped 0
[690/2166] ✓ wrote 10, skipped 0
[691/2166] ✓ wrote 10, skipped 0
[692/2166] ✓ wrote 10, skipped 0
[693/2166] ✓ wrote 10, skipped 0
[694/2166] ✓ wrote 10, skipped 0
[695/2166] ✓ wrote 10, skipped 0
[696/2166] ✓ wrote 10, skipped 0
[697/2166] ✓ wrote 10, skipped 0
[698/2166] ✓ wrote 10, skipped 0
[699/2166] ✓ wrote 10, skipped 0
[700/2166] ✓ wrote 10, skipped 0
[701/2166] ✓ wrote 10, skipped 0
[702/2166] ✓ wrote 10, skipped 0
[703/2166] ✓ wrote 10, skipped 0
[704/2166] ✓ wrote 10, skipped 0
[705/2166] ✓ wrote 10, skipped 0
[706/2166] ✓ wrote 10, skipped 0
[707/2166] ✓ wrote 10, skipped 0
[708/2166] ✓ wrote 10, skipped 0
[709/2166] ✓ wrote 10, skipped 0
[710/2166] ✓ wrote 10, skipped 0
[711/2166] ✓ wrote 10, skipped 0
[712/2166] ✓ wrote 10, skipped 0
[713/2166] ✓ wrote 10, skipped 0
[714/2166] ✓ wrote 10, skipped 0
[715/2166] ✓ wrote 10, skipped 0
[716/2166] ✓ wrote 10, skipped 0
[717/2166] ✓ wrote 10, skipped 0
[718/2166] ✓ wrote 10, skipped 0
[719/2166] ✓ wrote 10, skipped 0
[720/2166] ✓ wrote 10, skipped 0
[721/2166] ✓ wrote 10, skipped 0
[722/2166] ✓ wrote 9, skipped 1
[723/2166] ✓ wrote 10, skipped 0
[724/2166] ✓ wrote 10, skipped 0
[725/2166] ✓ wrote 10, skipped 0
[726/2166] ✓ wrote 10, skipped 0
[727/2166] ✓ wrote 10, skipped 0
[728/2166] ✓ wrote 10, skipped 0
[729/2166] ✓ wrote 10, skipped 0
[730/2166] ✓ wrote 10, skipped 0
[731/2166] ✓ wrote 10, skipped 0
[732/2166] ✓ wrote 10, skipped 0
[733/2166] ✓ wrote 10, skipped 0
[734/2166] ✓ wrote 10, skipped 0
[735/2166] ✓ wrote 10, skipped 0
[736/2166] ✓ wrote 10, skipped 0
[737/2166] ✓ wrote 10, skipped 0
[738/2166] ✓ wrote 10, skipped 0
[739/2166] ✓ wrote 10, skipped 0
[740/2166] ✓ wrote 10, skipped 0
[741/2166] ✓ wrote 10, skipped 0
[742/2166] ✓ wrote 10, skipped 0
[743/2166] ✓ wrote 10, skipped 0
[744/2166] ✓ wrote 10, skipped 0
[745/2166] ✓ wrote 9, skipped 1
[746/2166] ✓ wrote 10, skipped 0
[747/2166] ✓ wrote 10, skipped 0
[748/2166] ✓ wrote 10, skipped 0
[749/2166] ✓ wrote 10, skipped 0
[750/2166] ✓ wrote 10, skipped 0
[751/2166] ✓ wrote 10, skipped 0
[752/2166] ✓ wrote 10, skipped 0
[753/2166] ✓ wrote 10, skipped 0
[754/2166] ✓ wrote 10, skipped 0
[755/2166] ✓ wrote 10, skipped 0
[756/2166] ✓ wrote 10, skipped 0
[757/2166] ✓ wrote 10, skipped 0
[758/2166] ✓ wrote 10, skipped 0
[759/2166] ✓ wrote 10, skipped 0
[760/2166] ✓ wrote 10, skipped 0
[761/2166] ✓ wrote 10, skipped 0
[762/2166] ✓ wrote 10, skipped 0
[763/2166] ✓ wrote 9, skipped 1
[764/2166] ✓ wrote 10, skipped 0
[765/2166] ✓ wrote 10, skipped 0
[766/2166] ✓ wrote 10, skipped 0
[767/2166] ✓ wrote 10, skipped 0
[768/2166] ✓ wrote 10, skipped 0
[769/2166] ✓ wrote 10, skipped 0
[770/2166] ✓ wrote 10, skipped 0
[771/2166] ✓ wrote 10, skipped 0
[772/2166] ✓ wrote 10, skipped 0
[773/2166] ✓ wrote 10, skipped 0
[774/2166] ✓ wrote 9, skipped 1
[775/2166] ✓ wrote 10, skipped 0
[776/2166] ✓ wrote 10, skipped 0
[777/2166] ✓ wrote 10, skipped 0
[778/2166] ✓ wrote 10, skipped 0
[779/2166] ✓ wrote 10, skipped 0
[780/2166] ✓ wrote 10, skipped 0
[781/2166] ✓ wrote 10, skipped 0
[782/2166] ✓ wrote 10, skipped 0
[783/2166] ✓ wrote 10, skipped 0
[784/2166] ✓ wrote 10, skipped 0
[785/2166] ✓ wrote 10, skipped 0
[786/2166] ✓ wrote 10, skipped 0
[787/2166] ✓ wrote 10, skipped 0
[788/2166] ✓ wrote 10, skipped 0
[789/2166] ✓ wrote 10, skipped 0
[790/2166] ✓ wrote 10, skipped 0
[791/2166] ✓ wrote 10, skipped 0
[792/2166] ✓ wrote 10, skipped 0
[793/2166] ✓ wrote 10, skipped 0
[794/2166] ✓ wrote 10, skipped 0
[795/2166] ✓ wrote 10, skipped 0
[796/2166] ✓ wrote 10, skipped 0
[797/2166] ✓ wrote 10, skipped 0
[798/2166] ✓ wrote 10, skipped 0
[799/2166] ✓ wrote 10, skipped 0
[800/2166] ✓ wrote 10, skipped 0
[801/2166] ✓ wrote 10, skipped 0
[802/2166] ✓ wrote 10, skipped 0
[803/2166] ✓ wrote 10, skipped 0
[804/2166] ✓ wrote 10, skipped 0
[805/2166] ✓ wrote 10, skipped 0
[806/2166] ✓ wrote 9, skipped 1
[807/2166] ✓ wrote 10, skipped 0
[808/2166] ✓ wrote 10, skipped 0
[809/2166] ✓ wrote 10, skipped 0
[810/2166] ✓ wrote 10, skipped 0
[811/2166] ✓ wrote 10, skipped 0
[812/2166] ✓ wrote 10, skipped 0
[813/2166] ✓ wrote 10, skipped 0
[814/2166] ✓ wrote 10, skipped 0
[815/2166] ✓ wrote 10, skipped 0
[816/2166] ✓ wrote 10, skipped 0
[817/2166] ✓ wrote 10, skipped 0
[818/2166] ✓ wrote 10, skipped 0
[819/2166] ✓ wrote 10, skipped 0
[820/2166] ✓ wrote 10, skipped 0
[821/2166] ✓ wrote 10, skipped 0
[822/2166] ✓ wrote 10, skipped 0
[823/2166] ✓ wrote 10, skipped 0
[824/2166] ✓ wrote 10, skipped 0
[825/2166] ✓ wrote 10, skipped 0
[826/2166] ✓ wrote 10, skipped 0
[827/2166] ✓ wrote 10, skipped 0
[828/2166] ✓ wrote 10, skipped 0
[829/2166] ✓ wrote 10, skipped 0
[830/2166] ✓ wrote 10, skipped 0
[831/2166] ✓ wrote 9, skipped 1
[832/2166] ✓ wrote 10, skipped 0
[833/2166] ✓ wrote 10, skipped 0
[834/2166] ✓ wrote 10, skipped 0
[835/2166] ✓ wrote 10, skipped 0
[836/2166] ✓ wrote 10, skipped 0
[837/2166] ✓ wrote 10, skipped 0
[838/2166] ✓ wrote 10, skipped 0
[839/2166] ✓ wrote 10, skipped 0
[840/2166] ✓ wrote 10, skipped 0
[841/2166] ✓ wrote 10, skipped 0
[842/2166] ✓ wrote 10, skipped 0
[843/2166] ✓ wrote 10, skipped 0
[844/2166] ✓ wrote 10, skipped 0
[845/2166] ✓ wrote 10, skipped 0
[846/2166] ✓ wrote 10, skipped 0
[847/2166] ✓ wrote 10, skipped 0
[848/2166] ✓ wrote 10, skipped 0
[849/2166] ✓ wrote 10, skipped 0
[850/2166] ✓ wrote 10, skipped 0
[851/2166] ✓ wrote 10, skipped 0
[852/2166] ✓ wrote 10, skipped 0
[853/2166] ✓ wrote 10, skipped 0
[854/2166] ✓ wrote 10, skipped 0
[855/2166] ✓ wrote 10, skipped 0
[856/2166] ✓ wrote 10, skipped 0
[857/2166] ✓ wrote 10, skipped 0
[858/2166] ✓ wrote 10, skipped 0
[859/2166] ✓ wrote 9, skipped 1
[860/2166] ✓ wrote 10, skipped 0
[861/2166] ✓ wrote 10, skipped 0
[862/2166] ✓ wrote 10, skipped 0
[863/2166] ✓ wrote 10, skipped 0
[864/2166] ✓ wrote 9, skipped 1
[865/2166] ✓ wrote 10, skipped 0
[866/2166] ✓ wrote 10, skipped 0
[867/2166] ✓ wrote 10, skipped 0
[868/2166] ✓ wrote 10, skipped 0
[869/2166] ✓ wrote 10, skipped 0
[870/2166] ✓ wrote 10, skipped 0
[871/2166] ✓ wrote 10, skipped 0
[872/2166] ✓ wrote 10, skipped 0
[873/2166] ✓ wrote 10, skipped 0
[874/2166] ✓ wrote 10, skipped 0
[875/2166] ✓ wrote 10, skipped 0
[876/2166] ✓ wrote 10, skipped 0
[877/2166] ✓ wrote 10, skipped 0
[878/2166] ✓ wrote 10, skipped 0
[879/2166] ✓ wrote 9, skipped 1
[880/2166] ✓ wrote 10, skipped 0
[881/2166] ✓ wrote 10, skipped 0
[882/2166] ✓ wrote 10, skipped 0
[883/2166] ✓ wrote 10, skipped 0
[884/2166] ✓ wrote 10, skipped 0
[885/2166] ✓ wrote 9, skipped 1
[886/2166] ✓ wrote 10, skipped 0
[887/2166] ✓ wrote 10, skipped 0
[888/2166] ✓ wrote 10, skipped 0
[889/2166] ✓ wrote 10, skipped 0
[890/2166] ✓ wrote 10, skipped 0
[891/2166] ✓ wrote 10, skipped 0
[892/2166] ✓ wrote 10, skipped 0
[893/2166] ✓ wrote 10, skipped 0
[894/2166] ✓ wrote 10, skipped 0
[895/2166] ✓ wrote 10, skipped 0
[896/2166] ✓ wrote 10, skipped 0
[897/2166] ✓ wrote 10, skipped 0
[898/2166] ✓ wrote 10, skipped 0
[899/2166] ✓ wrote 10, skipped 0
[900/2166] ✓ wrote 10, skipped 0
[901/2166] ✓ wrote 10, skipped 0
[902/2166] ✓ wrote 10, skipped 0
[903/2166] ✓ wrote 10, skipped 0
[904/2166] ✓ wrote 10, skipped 0
[905/2166] ✓ wrote 10, skipped 0
[906/2166] ✓ wrote 10, skipped 0
[907/2166] ✓ wrote 10, skipped 0
[908/2166] ✓ wrote 10, skipped 0
[909/2166] ✓ wrote 10, skipped 0
[910/2166] ✓ wrote 7, skipped 3
[911/2166] ✓ wrote 10, skipped 0
[912/2166] ✓ wrote 10, skipped 0
[913/2166] ✓ wrote 10, skipped 0
[914/2166] ✓ wrote 10, skipped 0
[915/2166] ✓ wrote 10, skipped 0
[916/2166] ✓ wrote 9, skipped 1
[917/2166] ✓ wrote 10, skipped 0
[918/2166] ✓ wrote 10, skipped 0
[919/2166] ✓ wrote 10, skipped 0
[920/2166] ✓ wrote 10, skipped 0
[921/2166] ✓ wrote 10, skipped 0
[922/2166] ✓ wrote 10, skipped 0
[923/2166] ✓ wrote 9, skipped 1
[924/2166] ✓ wrote 10, skipped 0
[925/2166] ✓ wrote 10, skipped 0
[926/2166] ✓ wrote 10, skipped 0
[927/2166] ✓ wrote 10, skipped 0
[928/2166] ✓ wrote 10, skipped 0
[929/2166] ✓ wrote 10, skipped 0
[930/2166] ✓ wrote 10, skipped 0
[931/2166] ✓ wrote 10, skipped 0
[932/2166] ✓ wrote 10, skipped 0
[933/2166] ✓ wrote 10, skipped 0
[934/2166] ✓ wrote 10, skipped 0
[935/2166] ✓ wrote 10, skipped 0
[936/2166] ✓ wrote 10, skipped 0
[937/2166] ✓ wrote 10, skipped 0
[938/2166] ✓ wrote 10, skipped 0
[939/2166] ✓ wrote 10, skipped 0
[940/2166] ✓ wrote 10, skipped 0
[941/2166] ✓ wrote 10, skipped 0
[942/2166] ✓ wrote 10, skipped 0
[943/2166] ✓ wrote 10, skipped 0
[944/2166] ✓ wrote 10, skipped 0
[945/2166] ✓ wrote 10, skipped 0
[946/2166] ✓ wrote 10, skipped 0
[947/2166] ✓ wrote 9, skipped 1
[948/2166] ✓ wrote 10, skipped 0
[949/2166] ✓ wrote 10, skipped 0
[950/2166] ✓ wrote 10, skipped 0
[951/2166] ✓ wrote 9, skipped 1
[952/2166] ✓ wrote 9, skipped 1
[953/2166] ✓ wrote 10, skipped 0
[954/2166] ✓ wrote 10, skipped 0
[955/2166] ✓ wrote 10, skipped 0
[956/2166] ✓ wrote 10, skipped 0
[957/2166] ✓ wrote 10, skipped 0
[958/2166] ✓ wrote 10, skipped 0
[959/2166] ✓ wrote 10, skipped 0
[960/2166] ✓ wrote 10, skipped 0
[961/2166] ✓ wrote 10, skipped 0
[962/2166] ✓ wrote 10, skipped 0
[963/2166] ✓ wrote 10, skipped 0
[964/2166] ✓ wrote 10, skipped 0
[965/2166] ✓ wrote 10, skipped 0
[966/2166] ✓ wrote 10, skipped 0
[967/2166] ✓ wrote 10, skipped 0
[968/2166] ✓ wrote 10, skipped 0
[969/2166] ✓ wrote 10, skipped 0
[970/2166] ✓ wrote 10, skipped 0
[971/2166] ✓ wrote 10, skipped 0
[972/2166] ✓ wrote 10, skipped 0
[973/2166] ✓ wrote 10, skipped 0
[974/2166] ✓ wrote 10, skipped 0
[975/2166] ✓ wrote 10, skipped 0
[976/2166] ✓ wrote 10, skipped 0
[977/2166] ✓ wrote 10, skipped 0
[978/2166] ✓ wrote 10, skipped 0
[979/2166] ✓ wrote 10, skipped 0
[980/2166] ✓ wrote 10, skipped 0
[981/2166] ✓ wrote 10, skipped 0
[982/2166] ✓ wrote 10, skipped 0
[983/2166] ✓ wrote 10, skipped 0
[984/2166] ✓ wrote 10, skipped 0
[985/2166] ✓ wrote 10, skipped 0
[986/2166] ✓ wrote 9, skipped 1
[987/2166] ✓ wrote 10, skipped 0
[988/2166] ✓ wrote 10, skipped 0
[989/2166] ✓ wrote 10, skipped 0
[990/2166] ✓ wrote 10, skipped 0
[991/2166] ✓ wrote 10, skipped 0
[992/2166] ✓ wrote 10, skipped 0
[993/2166] ✓ wrote 9, skipped 1
[994/2166] ✓ wrote 10, skipped 0
[995/2166] ✓ wrote 10, skipped 0
[996/2166] ✓ wrote 10, skipped 0
[997/2166] ✓ wrote 10, skipped 0
[998/2166] ✓ wrote 10, skipped 0
[999/2166] ✓ wrote 10, skipped 0
[1000/2166] ✓ wrote 10, skipped 0
[1001/2166] ✓ wrote 10, skipped 0
[1002/2166] ✓ wrote 10, skipped 0
[1003/2166] ✓ wrote 10, skipped 0
[1004/2166] ✓ wrote 10, skipped 0
[1005/2166] ✓ wrote 10, skipped 0
[1006/2166] ✓ wrote 10, skipped 0
[1007/2166] ✓ wrote 10, skipped 0
[1008/2166] ✓ wrote 10, skipped 0
[1009/2166] ✓ wrote 10, skipped 0
[1010/2166] ✓ wrote 10, skipped 0
[1011/2166] ✓ wrote 10, skipped 0
[1012/2166] ✓ wrote 10, skipped 0
[1013/2166] ✓ wrote 10, skipped 0
[1014/2166] ✓ wrote 10, skipped 0
[1015/2166] ✓ wrote 10, skipped 0
[1016/2166] ✓ wrote 10, skipped 0
[1017/2166] ✓ wrote 10, skipped 0
[1018/2166] ✓ wrote 10, skipped 0
[1019/2166] ✓ wrote 10, skipped 0
[1020/2166] ✓ wrote 10, skipped 0
[1021/2166] ✓ wrote 10, skipped 0
[1022/2166] ✓ wrote 10, skipped 0
[1023/2166] ✓ wrote 10, skipped 0
[1024/2166] ✓ wrote 10, skipped 0
[1025/2166] ✓ wrote 10, skipped 0
[1026/2166] ✓ wrote 10, skipped 0
[1027/2166] ✓ wrote 10, skipped 0
[1028/2166] ✓ wrote 10, skipped 0
[1029/2166] ✓ wrote 10, skipped 0
[1030/2166] ✓ wrote 9, skipped 1
[1031/2166] ✓ wrote 10, skipped 0
[1032/2166] ✓ wrote 10, skipped 0
[1033/2166] ✓ wrote 10, skipped 0
[1034/2166] ✓ wrote 10, skipped 0
[1035/2166] ✓ wrote 10, skipped 0
[1036/2166] ✓ wrote 10, skipped 0
[1037/2166] ✓ wrote 10, skipped 0
[1038/2166] ✓ wrote 10, skipped 0
[1039/2166] ✓ wrote 10, skipped 0
[1040/2166] ✓ wrote 10, skipped 0
[1041/2166] ✓ wrote 10, skipped 0
[1042/2166] ✓ wrote 10, skipped 0
[1043/2166] ✓ wrote 10, skipped 0
[1044/2166] ✓ wrote 10, skipped 0
[1045/2166] ✓ wrote 10, skipped 0
[1046/2166] ✓ wrote 9, skipped 1
[1047/2166] ✓ wrote 10, skipped 0
[1048/2166] ✓ wrote 9, skipped 1
[1049/2166] ✓ wrote 10, skipped 0
[1050/2166] ✓ wrote 10, skipped 0
[1051/2166] ✓ wrote 10, skipped 0
[1052/2166] ✓ wrote 10, skipped 0
[1053/2166] ✓ wrote 10, skipped 0
[1054/2166] ✓ wrote 10, skipped 0
[1055/2166] ✓ wrote 10, skipped 0
[1056/2166] ✓ wrote 10, skipped 0
[1057/2166] ✓ wrote 10, skipped 0
[1058/2166] ✓ wrote 10, skipped 0
[1059/2166] ✓ wrote 10, skipped 0
[1060/2166] ✓ wrote 9, skipped 1
[1061/2166] ✓ wrote 10, skipped 0
[1062/2166] ✓ wrote 10, skipped 0
[1063/2166] ✓ wrote 10, skipped 0
[1064/2166] ✓ wrote 10, skipped 0
[1065/2166] ✓ wrote 10, skipped 0
[1066/2166] ✓ wrote 10, skipped 0
[1067/2166] ✓ wrote 10, skipped 0
[1068/2166] ✓ wrote 10, skipped 0
[1069/2166] ✓ wrote 9, skipped 1
[1070/2166] ✓ wrote 10, skipped 0
[1071/2166] ✓ wrote 10, skipped 0
[1072/2166] ✓ wrote 10, skipped 0
[1073/2166] ✓ wrote 10, skipped 0
[1074/2166] ✓ wrote 10, skipped 0
[1075/2166] ✓ wrote 10, skipped 0
[1076/2166] ✓ wrote 10, skipped 0
[1077/2166] ✓ wrote 10, skipped 0
[1078/2166] ✓ wrote 10, skipped 0
[1079/2166] ✓ wrote 10, skipped 0
[1080/2166] ✓ wrote 10, skipped 0
[1081/2166] ✓ wrote 10, skipped 0
[1082/2166] ✓ wrote 10, skipped 0
[1083/2166] ✓ wrote 10, skipped 0
[1084/2166] ✓ wrote 10, skipped 0
[1085/2166] ✓ wrote 10, skipped 0
[1086/2166] ✓ wrote 10, skipped 0
[1087/2166] ✓ wrote 10, skipped 0
[1088/2166] ✓ wrote 10, skipped 0
[1089/2166] ✓ wrote 10, skipped 0
[1090/2166] ✓ wrote 10, skipped 0
[1091/2166] ✓ wrote 10, skipped 0
[1092/2166] ✓ wrote 10, skipped 0
[1093/2166] ✓ wrote 10, skipped 0
[1094/2166] ✓ wrote 10, skipped 0
[1095/2166] ✓ wrote 10, skipped 0
[1096/2166] ✓ wrote 9, skipped 1
[1097/2166] ✓ wrote 10, skipped 0
[1098/2166] ✓ wrote 10, skipped 0
[1099/2166] ✓ wrote 10, skipped 0
[1100/2166] ✓ wrote 10, skipped 0
[1101/2166] ✓ wrote 10, skipped 0
[1102/2166] ✓ wrote 10, skipped 0
[1103/2166] ✓ wrote 10, skipped 0
[1104/2166] ✓ wrote 10, skipped 0
[1105/2166] ✓ wrote 10, skipped 0
[1106/2166] ✓ wrote 10, skipped 0
[1107/2166] ✓ wrote 10, skipped 0
[1108/2166] ✓ wrote 10, skipped 0
[1109/2166] ✓ wrote 10, skipped 0
[1110/2166] ✓ wrote 10, skipped 0
[1111/2166] ✓ wrote 10, skipped 0
[1112/2166] ✓ wrote 10, skipped 0
[1113/2166] ✓ wrote 10, skipped 0
[1114/2166] ✓ wrote 10, skipped 0
[1115/2166] ✓ wrote 10, skipped 0
[1116/2166] ✓ wrote 10, skipped 0
[1117/2166] ✓ wrote 10, skipped 0
[1118/2166] ✓ wrote 10, skipped 0
[1119/2166] ✓ wrote 9, skipped 1
[1120/2166] ✓ wrote 10, skipped 0
[1121/2166] ✓ wrote 10, skipped 0
[1122/2166] ✓ wrote 10, skipped 0
[1123/2166] ✓ wrote 10, skipped 0
[1124/2166] ✓ wrote 10, skipped 0
[1125/2166] ✓ wrote 10, skipped 0
[1126/2166] ✓ wrote 10, skipped 0
[1127/2166] ✓ wrote 10, skipped 0
[1128/2166] ✓ wrote 10, skipped 0
[1129/2166] ✓ wrote 10, skipped 0
[1130/2166] ✓ wrote 10, skipped 0
[1131/2166] ✓ wrote 9, skipped 1
[1132/2166] ✓ wrote 10, skipped 0
[1133/2166] ✓ wrote 10, skipped 0
[1134/2166] ✓ wrote 10, skipped 0
[1135/2166] ✓ wrote 10, skipped 0
[1136/2166] ✓ wrote 10, skipped 0
[1137/2166] ✓ wrote 10, skipped 0
[1138/2166] ✓ wrote 10, skipped 0
[1139/2166] ✓ wrote 10, skipped 0
[1140/2166] ✓ wrote 10, skipped 0
[1141/2166] ✓ wrote 9, skipped 1
[1142/2166] ✓ wrote 10, skipped 0
[1143/2166] ✓ wrote 10, skipped 0
[1144/2166] ✓ wrote 10, skipped 0
[1145/2166] ✓ wrote 10, skipped 0
[1146/2166] ✓ wrote 10, skipped 0
[1147/2166] ✓ wrote 10, skipped 0
[1148/2166] ✓ wrote 10, skipped 0
[1149/2166] ✓ wrote 10, skipped 0
[1150/2166] ✓ wrote 9, skipped 1
[1151/2166] ✓ wrote 10, skipped 0
[1152/2166] ✓ wrote 10, skipped 0
[1153/2166] ✓ wrote 9, skipped 1
[1154/2166] ✓ wrote 10, skipped 0
[1155/2166] ✓ wrote 10, skipped 0
[1156/2166] ✓ wrote 10, skipped 0
[1157/2166] ✓ wrote 10, skipped 0
[1158/2166] ✓ wrote 10, skipped 0
[1159/2166] ✓ wrote 10, skipped 0
[1160/2166] ✓ wrote 10, skipped 0
[1161/2166] ✓ wrote 10, skipped 0
[1162/2166] ✓ wrote 10, skipped 0
[1163/2166] ✓ wrote 10, skipped 0
[1164/2166] ✓ wrote 10, skipped 0
[1165/2166] ✓ wrote 10, skipped 0
[1166/2166] ✓ wrote 10, skipped 0
[1167/2166] ✓ wrote 10, skipped 0
[1168/2166] ✓ wrote 10, skipped 0
[1169/2166] ✓ wrote 10, skipped 0
[1170/2166] ✓ wrote 10, skipped 0
[1171/2166] ✓ wrote 10, skipped 0
[1172/2166] ✓ wrote 10, skipped 0
[1173/2166] ✓ wrote 10, skipped 0
[1174/2166] ✓ wrote 10, skipped 0
[1175/2166] ✓ wrote 10, skipped 0
[1176/2166] ✓ wrote 9, skipped 1
[1177/2166] ✓ wrote 10, skipped 0
[1178/2166] ✓ wrote 10, skipped 0
[1179/2166] ✓ wrote 10, skipped 0
[1180/2166] ✓ wrote 10, skipped 0
[1181/2166] ✓ wrote 10, skipped 0
[1182/2166] ✓ wrote 10, skipped 0
[1183/2166] ✓ wrote 10, skipped 0
[1184/2166] ✓ wrote 10, skipped 0
[1185/2166] ✓ wrote 8, skipped 2
[1186/2166] ✓ wrote 10, skipped 0
[1187/2166] ✓ wrote 10, skipped 0
[1188/2166] ✓ wrote 10, skipped 0
[1189/2166] ✓ wrote 10, skipped 0
[1190/2166] ✓ wrote 10, skipped 0
[1191/2166] ✓ wrote 10, skipped 0
[1192/2166] ✓ wrote 10, skipped 0
[1193/2166] ✓ wrote 10, skipped 0
[1194/2166] ✓ wrote 10, skipped 0
[1195/2166] ✓ wrote 10, skipped 0
[1196/2166] ✓ wrote 10, skipped 0
[1197/2166] ✓ wrote 10, skipped 0
[1198/2166] ✓ wrote 10, skipped 0
[1199/2166] ✓ wrote 10, skipped 0
[1200/2166] ✓ wrote 10, skipped 0
[1201/2166] ✓ wrote 10, skipped 0
[1202/2166] ✓ wrote 10, skipped 0
[1203/2166] ✓ wrote 10, skipped 0
[1204/2166] ✓ wrote 10, skipped 0
[1205/2166] ✓ wrote 8, skipped 2
[1206/2166] ✓ wrote 10, skipped 0
[1207/2166] ✓ wrote 10, skipped 0
[1208/2166] ✓ wrote 10, skipped 0
[1209/2166] ✓ wrote 10, skipped 0
[1210/2166] ✓ wrote 10, skipped 0
[1211/2166] ✓ wrote 10, skipped 0
[1212/2166] ✓ wrote 10, skipped 0
[1213/2166] ✓ wrote 10, skipped 0
[1214/2166] ✓ wrote 10, skipped 0
[1215/2166] ✓ wrote 10, skipped 0
[1216/2166] ✓ wrote 10, skipped 0
[1217/2166] ✓ wrote 10, skipped 0
[1218/2166] ✓ wrote 10, skipped 0
[1219/2166] ✓ wrote 10, skipped 0
[1220/2166] ✓ wrote 10, skipped 0
[1221/2166] ✓ wrote 10, skipped 0
[1222/2166] ✓ wrote 10, skipped 0
[1223/2166] ✓ wrote 10, skipped 0
[1224/2166] ✓ wrote 10, skipped 0
[1225/2166] ✓ wrote 10, skipped 0
[1226/2166] ✓ wrote 10, skipped 0
[1227/2166] ✓ wrote 10, skipped 0
[1228/2166] ✓ wrote 10, skipped 0
[1229/2166] ✓ wrote 10, skipped 0
[1230/2166] ✓ wrote 10, skipped 0
[1231/2166] ✓ wrote 9, skipped 1
[1232/2166] ✓ wrote 10, skipped 0
[1233/2166] ✓ wrote 10, skipped 0
[1234/2166] ✓ wrote 10, skipped 0
[1235/2166] ✓ wrote 9, skipped 1
[1236/2166] ✓ wrote 10, skipped 0
[1237/2166] ✓ wrote 10, skipped 0
[1238/2166] ✓ wrote 10, skipped 0
[1239/2166] ✓ wrote 10, skipped 0
[1240/2166] ✓ wrote 10, skipped 0
[1241/2166] ✓ wrote 10, skipped 0
[1242/2166] ✓ wrote 10, skipped 0
[1243/2166] ✓ wrote 10, skipped 0
[1244/2166] ✓ wrote 10, skipped 0
[1245/2166] ✓ wrote 10, skipped 0
[1246/2166] ✓ wrote 10, skipped 0
[1247/2166] ✓ wrote 10, skipped 0
[1248/2166] ✓ wrote 10, skipped 0
[1249/2166] ✓ wrote 10, skipped 0
[1250/2166] ✓ wrote 10, skipped 0
[1251/2166] ✓ wrote 10, skipped 0
[1252/2166] ✓ wrote 10, skipped 0
[1253/2166] ✓ wrote 10, skipped 0
[1254/2166] ✓ wrote 10, skipped 0
[1255/2166] ✓ wrote 10, skipped 0
[1256/2166] ✓ wrote 10, skipped 0
[1257/2166] ✓ wrote 10, skipped 0
[1258/2166] ✓ wrote 10, skipped 0
[1259/2166] ✓ wrote 10, skipped 0
[1260/2166] ✓ wrote 10, skipped 0
[1261/2166] ✓ wrote 10, skipped 0
[1262/2166] ✓ wrote 10, skipped 0
[1263/2166] ✓ wrote 10, skipped 0
[1264/2166] ✓ wrote 10, skipped 0
[1265/2166] ✓ wrote 10, skipped 0
[1266/2166] ✓ wrote 10, skipped 0
[1267/2166] ✓ wrote 10, skipped 0
[1268/2166] ✓ wrote 10, skipped 0
[1269/2166] ✓ wrote 10, skipped 0
[1270/2166] ✓ wrote 10, skipped 0
[1271/2166] ✓ wrote 9, skipped 1
[1272/2166] ✓ wrote 10, skipped 0
[1273/2166] ✓ wrote 10, skipped 0
[1274/2166] ✓ wrote 10, skipped 0
[1275/2166] ✓ wrote 10, skipped 0
[1276/2166] ✓ wrote 10, skipped 0
[1277/2166] ✓ wrote 10, skipped 0
[1278/2166] ✓ wrote 10, skipped 0
[1279/2166] ✓ wrote 10, skipped 0
[1280/2166] ✓ wrote 10, skipped 0
[1281/2166] ✓ wrote 10, skipped 0
[1282/2166] ✓ wrote 10, skipped 0
[1283/2166] ✓ wrote 10, skipped 0
[1284/2166] ✓ wrote 10, skipped 0
[1285/2166] ✓ wrote 10, skipped 0
[1286/2166] ✓ wrote 10, skipped 0
[1287/2166] ✓ wrote 10, skipped 0
[1288/2166] ✓ wrote 10, skipped 0
[1289/2166] ✓ wrote 10, skipped 0
[1290/2166] ✓ wrote 10, skipped 0
[1291/2166] ✓ wrote 10, skipped 0
[1292/2166] ✓ wrote 10, skipped 0
[1293/2166] ✓ wrote 10, skipped 0
[1294/2166] ✓ wrote 10, skipped 0
[1295/2166] ✓ wrote 10, skipped 0
[1296/2166] ✓ wrote 9, skipped 1
[1297/2166] ✓ wrote 10, skipped 0
[1298/2166] ✓ wrote 10, skipped 0
[1299/2166] ✓ wrote 10, skipped 0
[1300/2166] ✓ wrote 10, skipped 0
[1301/2166] ✓ wrote 10, skipped 0
[1302/2166] ✓ wrote 10, skipped 0
[1303/2166] ✓ wrote 10, skipped 0
[1304/2166] ✓ wrote 10, skipped 0
[1305/2166] ✓ wrote 10, skipped 0
[1306/2166] ✓ wrote 10, skipped 0
[1307/2166] ✓ wrote 9, skipped 1
[1308/2166] ✓ wrote 10, skipped 0
[1309/2166] ✓ wrote 10, skipped 0
[1310/2166] ✓ wrote 10, skipped 0
[1311/2166] ✓ wrote 10, skipped 0
[1312/2166] ✓ wrote 10, skipped 0
[1313/2166] ✓ wrote 10, skipped 0
[1314/2166] ✓ wrote 9, skipped 1
[1315/2166] ✓ wrote 10, skipped 0
[1316/2166] ✓ wrote 10, skipped 0
[1317/2166] ✓ wrote 10, skipped 0
[1318/2166] ✓ wrote 10, skipped 0
[1319/2166] ✓ wrote 10, skipped 0
[1320/2166] ✓ wrote 10, skipped 0
[1321/2166] ✓ wrote 10, skipped 0
[1322/2166] ✓ wrote 10, skipped 0
[1323/2166] ✓ wrote 10, skipped 0
[1324/2166] ✓ wrote 10, skipped 0
[1325/2166] ✓ wrote 10, skipped 0
[1326/2166] ✓ wrote 10, skipped 0
[1327/2166] ✓ wrote 10, skipped 0
[1328/2166] ✓ wrote 10, skipped 0
[1329/2166] ✓ wrote 10, skipped 0
[1330/2166] ✓ wrote 10, skipped 0
[1331/2166] ✓ wrote 10, skipped 0
[1332/2166] ✓ wrote 10, skipped 0
[1333/2166] ✓ wrote 10, skipped 0
[1334/2166] ✓ wrote 10, skipped 0
[1335/2166] ✓ wrote 10, skipped 0
[1336/2166] ✓ wrote 10, skipped 0
[1337/2166] ✓ wrote 10, skipped 0
[1338/2166] ✓ wrote 10, skipped 0
[1339/2166] ✓ wrote 9, skipped 1
[1340/2166] ✓ wrote 10, skipped 0
[1341/2166] ✓ wrote 9, skipped 1
[1342/2166] ✓ wrote 10, skipped 0
[1343/2166] ✓ wrote 10, skipped 0
[1344/2166] ✓ wrote 10, skipped 0
[1345/2166] ✓ wrote 10, skipped 0
[1346/2166] ✓ wrote 10, skipped 0
[1347/2166] ✓ wrote 10, skipped 0
[1348/2166] ✓ wrote 10, skipped 0
[1349/2166] ✓ wrote 10, skipped 0
[1350/2166] ✓ wrote 10, skipped 0
[1351/2166] ✓ wrote 10, skipped 0
[1352/2166] ✓ wrote 10, skipped 0
[1353/2166] ✓ wrote 10, skipped 0
[1354/2166] ✓ wrote 10, skipped 0
[1355/2166] ✓ wrote 10, skipped 0
[1356/2166] ✓ wrote 10, skipped 0
[1357/2166] ✓ wrote 10, skipped 0
[1358/2166] ✓ wrote 10, skipped 0
[1359/2166] ✓ wrote 10, skipped 0
[1360/2166] ✓ wrote 10, skipped 0
[1361/2166] ✓ wrote 10, skipped 0
[1362/2166] ✓ wrote 10, skipped 0
[1363/2166] ✓ wrote 10, skipped 0
[1364/2166] ✓ wrote 10, skipped 0
[1365/2166] ✓ wrote 10, skipped 0
[1366/2166] ✓ wrote 9, skipped 1
[1367/2166] ✓ wrote 10, skipped 0
[1368/2166] ✓ wrote 10, skipped 0
[1369/2166] ✓ wrote 10, skipped 0
[1370/2166] ✓ wrote 10, skipped 0
[1371/2166] ✓ wrote 10, skipped 0
[1372/2166] ✓ wrote 10, skipped 0
[1373/2166] ✓ wrote 10, skipped 0
[1374/2166] ✓ wrote 10, skipped 0
[1375/2166] ✓ wrote 10, skipped 0
[1376/2166] ✓ wrote 10, skipped 0
[1377/2166] ✓ wrote 10, skipped 0
[1378/2166] ✓ wrote 10, skipped 0
[1379/2166] ✓ wrote 10, skipped 0
[1380/2166] ✓ wrote 10, skipped 0
[1381/2166] ✓ wrote 10, skipped 0
[1382/2166] ✓ wrote 10, skipped 0
[1383/2166] ✓ wrote 10, skipped 0
[1384/2166] ✓ wrote 10, skipped 0
[1385/2166] ✓ wrote 10, skipped 0
[1386/2166] ✓ wrote 10, skipped 0
[1387/2166] ✓ wrote 10, skipped 0
[1388/2166] ✓ wrote 10, skipped 0
[1389/2166] ✓ wrote 10, skipped 0
[1390/2166] ✓ wrote 10, skipped 0
[1391/2166] ✓ wrote 10, skipped 0
[1392/2166] ✓ wrote 10, skipped 0
[1393/2166] ✓ wrote 10, skipped 0
[1394/2166] ✓ wrote 10, skipped 0
[1395/2166] ✓ wrote 10, skipped 0
[1396/2166] ✓ wrote 10, skipped 0
[1397/2166] ✓ wrote 10, skipped 0
[1398/2166] ✓ wrote 10, skipped 0
[1399/2166] ✓ wrote 10, skipped 0
[1400/2166] ✓ wrote 10, skipped 0
[1401/2166] ✓ wrote 10, skipped 0
[1402/2166] ✓ wrote 10, skipped 0
[1403/2166] ✓ wrote 10, skipped 0
[1404/2166] ✓ wrote 10, skipped 0
[1405/2166] ✓ wrote 10, skipped 0
[1406/2166] ✓ wrote 10, skipped 0
[1407/2166] ✓ wrote 10, skipped 0
[1408/2166] ✓ wrote 10, skipped 0
[1409/2166] ✓ wrote 10, skipped 0
[1410/2166] ✓ wrote 9, skipped 1
[1411/2166] ✓ wrote 10, skipped 0
[1412/2166] ✓ wrote 10, skipped 0
[1413/2166] ✓ wrote 10, skipped 0
[1414/2166] ✓ wrote 10, skipped 0
[1415/2166] ✓ wrote 10, skipped 0
[1416/2166] ✓ wrote 10, skipped 0
[1417/2166] ✓ wrote 9, skipped 1
[1418/2166] ✓ wrote 10, skipped 0
[1419/2166] ✓ wrote 10, skipped 0
[1420/2166] ✓ wrote 10, skipped 0
[1421/2166] ✓ wrote 10, skipped 0
[1422/2166] ✓ wrote 6, skipped 4
[1423/2166] ✓ wrote 10, skipped 0
[1424/2166] ✓ wrote 10, skipped 0
[1425/2166] ✓ wrote 10, skipped 0
[1426/2166] ✓ wrote 10, skipped 0
[1427/2166] ✓ wrote 10, skipped 0
[1428/2166] ✓ wrote 10, skipped 0
[1429/2166] ✓ wrote 9, skipped 1
[1430/2166] ✓ wrote 10, skipped 0
[1431/2166] ✓ wrote 10, skipped 0
[1432/2166] ✓ wrote 10, skipped 0
[1433/2166] ✓ wrote 10, skipped 0
[1434/2166] ✓ wrote 10, skipped 0
[1435/2166] ✓ wrote 10, skipped 0
[1436/2166] ✓ wrote 10, skipped 0
[1437/2166] ✓ wrote 10, skipped 0
[1438/2166] ✓ wrote 10, skipped 0
[1439/2166] ✓ wrote 10, skipped 0
[1440/2166] ✓ wrote 10, skipped 0
[1441/2166] ✓ wrote 10, skipped 0
[1442/2166] ✓ wrote 10, skipped 0
[1443/2166] ✓ wrote 10, skipped 0
[1444/2166] ✓ wrote 10, skipped 0
[1445/2166] ✓ wrote 10, skipped 0
[1446/2166] ✓ wrote 10, skipped 0
[1447/2166] ✓ wrote 10, skipped 0
[1448/2166] ✓ wrote 10, skipped 0
[1449/2166] ✓ wrote 10, skipped 0
[1450/2166] ✓ wrote 10, skipped 0
[1451/2166] ✓ wrote 10, skipped 0
[1452/2166] ✓ wrote 10, skipped 0
[1453/2166] ✓ wrote 10, skipped 0
[1454/2166] ✓ wrote 10, skipped 0
[1455/2166] ✓ wrote 10, skipped 0
[1456/2166] ✓ wrote 9, skipped 1
[1457/2166] ✓ wrote 10, skipped 0
[1458/2166] ✓ wrote 10, skipped 0
[1459/2166] ✓ wrote 10, skipped 0
[1460/2166] ✓ wrote 10, skipped 0
[1461/2166] ✓ wrote 10, skipped 0
[1462/2166] ✓ wrote 10, skipped 0
[1463/2166] ✓ wrote 10, skipped 0
[1464/2166] ✓ wrote 10, skipped 0
[1465/2166] ✓ wrote 8, skipped 2
[1466/2166] ✓ wrote 10, skipped 0
[1467/2166] ✓ wrote 10, skipped 0
[1468/2166] ✓ wrote 10, skipped 0
[1469/2166] ✓ wrote 10, skipped 0
[1470/2166] ✓ wrote 10, skipped 0
[1471/2166] ✓ wrote 10, skipped 0
[1472/2166] ✓ wrote 10, skipped 0
[1473/2166] ✓ wrote 10, skipped 0
[1474/2166] ✓ wrote 10, skipped 0
[1475/2166] ✓ wrote 10, skipped 0
[1476/2166] ✓ wrote 10, skipped 0
[1477/2166] ✓ wrote 10, skipped 0
[1478/2166] ✓ wrote 9, skipped 1
[1479/2166] ✓ wrote 10, skipped 0
[1480/2166] ✓ wrote 10, skipped 0
[1481/2166] ✓ wrote 10, skipped 0
[1482/2166] ✓ wrote 10, skipped 0
[1483/2166] ✓ wrote 10, skipped 0
[1484/2166] ✓ wrote 10, skipped 0
[1485/2166] ✓ wrote 10, skipped 0
[1486/2166] ✓ wrote 10, skipped 0
[1487/2166] ✓ wrote 10, skipped 0
[1488/2166] ✓ wrote 10, skipped 0
[1489/2166] ✓ wrote 10, skipped 0
[1490/2166] ✓ wrote 10, skipped 0
[1491/2166] ✓ wrote 10, skipped 0
[1492/2166] ✓ wrote 10, skipped 0
[1493/2166] ✓ wrote 10, skipped 0
[1494/2166] ✓ wrote 10, skipped 0
[1495/2166] ✓ wrote 10, skipped 0
[1496/2166] ✓ wrote 9, skipped 1
[1497/2166] ✓ wrote 10, skipped 0
[1498/2166] ✓ wrote 10, skipped 0
[1499/2166] ✓ wrote 10, skipped 0
[1500/2166] ✓ wrote 10, skipped 0
[1501/2166] ✓ wrote 10, skipped 0
[1502/2166] ✓ wrote 10, skipped 0
[1503/2166] ✓ wrote 10, skipped 0
[1504/2166] ✓ wrote 10, skipped 0
[1505/2166] ✓ wrote 10, skipped 0
[1506/2166] ✓ wrote 10, skipped 0
[1507/2166] ✓ wrote 10, skipped 0
[1508/2166] ✓ wrote 10, skipped 0
[1509/2166] ✓ wrote 10, skipped 0
[1510/2166] ✓ wrote 10, skipped 0
[1511/2166] ✓ wrote 10, skipped 0
[1512/2166] ✓ wrote 10, skipped 0
[1513/2166] ✓ wrote 10, skipped 0
[1514/2166] ✓ wrote 10, skipped 0
[1515/2166] ✓ wrote 10, skipped 0
[1516/2166] ✓ wrote 10, skipped 0
[1517/2166] ✓ wrote 10, skipped 0
[1518/2166] ✓ wrote 10, skipped 0
[1519/2166] ✓ wrote 10, skipped 0
[1520/2166] ✓ wrote 10, skipped 0
[1521/2166] ✓ wrote 10, skipped 0
[1522/2166] ✓ wrote 10, skipped 0
[1523/2166] ✓ wrote 10, skipped 0
[1524/2166] ✓ wrote 10, skipped 0
[1525/2166] ✓ wrote 10, skipped 0
[1526/2166] ✓ wrote 10, skipped 0
[1527/2166] ✓ wrote 10, skipped 0
[1528/2166] ✓ wrote 10, skipped 0
[1529/2166] ✓ wrote 10, skipped 0
[1530/2166] ✓ wrote 10, skipped 0
[1531/2166] ✓ wrote 10, skipped 0
[1532/2166] ✓ wrote 10, skipped 0
[1533/2166] ✓ wrote 10, skipped 0
[1534/2166] ✓ wrote 10, skipped 0
[1535/2166] ✓ wrote 10, skipped 0
[1536/2166] ✓ wrote 10, skipped 0
[1537/2166] ✓ wrote 10, skipped 0
[1538/2166] ✓ wrote 10, skipped 0
[1539/2166] ✓ wrote 10, skipped 0
[1540/2166] ✓ wrote 10, skipped 0
[1541/2166] ✓ wrote 10, skipped 0
[1542/2166] ✓ wrote 10, skipped 0
[1543/2166] ✓ wrote 10, skipped 0
[1544/2166] ✓ wrote 10, skipped 0
[1545/2166] ✓ wrote 10, skipped 0
[1546/2166] ✓ wrote 10, skipped 0
[1547/2166] ✓ wrote 10, skipped 0
[1548/2166] ✓ wrote 10, skipped 0
[1549/2166] ✓ wrote 10, skipped 0
[1550/2166] ✓ wrote 10, skipped 0
[1551/2166] ✓ wrote 10, skipped 0
[1552/2166] ✓ wrote 10, skipped 0
[1553/2166] ✓ wrote 10, skipped 0
[1554/2166] ✓ wrote 10, skipped 0
[1555/2166] ✓ wrote 10, skipped 0
[1556/2166] ✓ wrote 10, skipped 0
[1557/2166] ✓ wrote 10, skipped 0
[1558/2166] ✓ wrote 10, skipped 0
[1559/2166] ✓ wrote 10, skipped 0
[1560/2166] ✓ wrote 10, skipped 0
[1561/2166] ✓ wrote 10, skipped 0
[1562/2166] ✓ wrote 10, skipped 0
[1563/2166] ✓ wrote 9, skipped 1
[1564/2166] ✓ wrote 10, skipped 0
[1565/2166] ✓ wrote 10, skipped 0
[1566/2166] ✓ wrote 10, skipped 0
[1567/2166] ✓ wrote 10, skipped 0
[1568/2166] ✓ wrote 10, skipped 0
[1569/2166] ✓ wrote 10, skipped 0
[1570/2166] ✓ wrote 10, skipped 0
[1571/2166] ✓ wrote 10, skipped 0
[1572/2166] ✓ wrote 10, skipped 0
[1573/2166] ✓ wrote 10, skipped 0
[1574/2166] ✓ wrote 10, skipped 0
[1575/2166] ✓ wrote 10, skipped 0
[1576/2166] ✓ wrote 10, skipped 0
[1577/2166] ✓ wrote 10, skipped 0
[1578/2166] ✓ wrote 10, skipped 0
[1579/2166] ✓ wrote 10, skipped 0
[1580/2166] ✓ wrote 10, skipped 0
[1581/2166] ✓ wrote 10, skipped 0
[1582/2166] ✓ wrote 10, skipped 0
[1583/2166] ✓ wrote 10, skipped 0
[1584/2166] ✓ wrote 10, skipped 0
[1585/2166] ✓ wrote 1, skipped 9
[1586/2166] ✓ wrote 10, skipped 0
[1587/2166] ✓ wrote 10, skipped 0
[1588/2166] ✓ wrote 10, skipped 0
[1589/2166] ✓ wrote 10, skipped 0
[1590/2166] ✓ wrote 10, skipped 0
[1591/2166] ✓ wrote 10, skipped 0
[1592/2166] ✓ wrote 10, skipped 0
[1593/2166] ✓ wrote 10, skipped 0
[1594/2166] ✓ wrote 10, skipped 0
[1595/2166] ✓ wrote 10, skipped 0
[1596/2166] ✓ wrote 10, skipped 0
[1597/2166] ✓ wrote 10, skipped 0
[1598/2166] ✓ wrote 10, skipped 0
[1599/2166] ✓ wrote 10, skipped 0
[1600/2166] ✓ wrote 10, skipped 0
[1601/2166] ✓ wrote 10, skipped 0
[1602/2166] ✓ wrote 10, skipped 0
[1603/2166] ✓ wrote 10, skipped 0
[1604/2166] ✓ wrote 10, skipped 0
[1605/2166] ✓ wrote 10, skipped 0
[1606/2166] ✓ wrote 10, skipped 0
[1607/2166] ✓ wrote 10, skipped 0
[1608/2166] ✓ wrote 10, skipped 0
[1609/2166] ✓ wrote 10, skipped 0
[1610/2166] ✓ wrote 10, skipped 0
[1611/2166] ✓ wrote 10, skipped 0
[1612/2166] ✓ wrote 10, skipped 0
[1613/2166] ✓ wrote 9, skipped 1
[1614/2166] ✓ wrote 10, skipped 0
[1615/2166] ✓ wrote 10, skipped 0
[1616/2166] ✓ wrote 10, skipped 0
[1617/2166] ✓ wrote 10, skipped 0
[1618/2166] ✓ wrote 10, skipped 0
[1619/2166] ✓ wrote 10, skipped 0
[1620/2166] ✓ wrote 10, skipped 0
[1621/2166] ✓ wrote 10, skipped 0
[1622/2166] ✓ wrote 10, skipped 0
[1623/2166] ✓ wrote 10, skipped 0
[1624/2166] ✓ wrote 10, skipped 0
[1625/2166] ✓ wrote 10, skipped 0
[1626/2166] ✓ wrote 10, skipped 0
[1627/2166] ✓ wrote 10, skipped 0
[1628/2166] ✓ wrote 10, skipped 0
[1629/2166] ✓ wrote 10, skipped 0
[1630/2166] ✓ wrote 10, skipped 0
[1631/2166] ✓ wrote 10, skipped 0
[1632/2166] ✓ wrote 10, skipped 0
[1633/2166] ✓ wrote 10, skipped 0
[1634/2166] ✓ wrote 10, skipped 0
[1635/2166] ✓ wrote 10, skipped 0
[1636/2166] ✓ wrote 10, skipped 0
[1637/2166] ✓ wrote 10, skipped 0
[1638/2166] ✓ wrote 10, skipped 0
[1639/2166] ✓ wrote 10, skipped 0
[1640/2166] ✓ wrote 10, skipped 0
[1641/2166] ✓ wrote 10, skipped 0
[1642/2166] ✓ wrote 10, skipped 0
[1643/2166] ✓ wrote 10, skipped 0
[1644/2166] ✓ wrote 10, skipped 0
[1645/2166] ✓ wrote 10, skipped 0
[1646/2166] ✓ wrote 10, skipped 0
[1647/2166] ✓ wrote 10, skipped 0
[1648/2166] ✓ wrote 10, skipped 0
[1649/2166] ✓ wrote 10, skipped 0
[1650/2166] ✓ wrote 10, skipped 0
[1651/2166] ✓ wrote 10, skipped 0
[1652/2166] ✓ wrote 10, skipped 0
[1653/2166] ✓ wrote 9, skipped 1
[1654/2166] ✓ wrote 10, skipped 0
[1655/2166] ✓ wrote 10, skipped 0
[1656/2166] ✓ wrote 10, skipped 0
[1657/2166] ✓ wrote 10, skipped 0
[1658/2166] ✓ wrote 10, skipped 0
[1659/2166] ✓ wrote 10, skipped 0
[1660/2166] ✓ wrote 10, skipped 0
[1661/2166] ✓ wrote 10, skipped 0
[1662/2166] ✓ wrote 10, skipped 0
[1663/2166] ✓ wrote 10, skipped 0
[1664/2166] ✓ wrote 10, skipped 0
[1665/2166] ✓ wrote 10, skipped 0
[1666/2166] ✓ wrote 10, skipped 0
[1667/2166] ✓ wrote 10, skipped 0
[1668/2166] ✓ wrote 10, skipped 0
[1669/2166] ✓ wrote 10, skipped 0
[1670/2166] ✓ wrote 10, skipped 0
[1671/2166] ✓ wrote 10, skipped 0
[1672/2166] ✓ wrote 10, skipped 0
[1673/2166] ✓ wrote 10, skipped 0
[1674/2166] ✓ wrote 10, skipped 0
[1675/2166] ✓ wrote 10, skipped 0
